<?xml version="1.0" encoding="utf-8"?><testsuite errors="0" failures="0" name="pytest" skips="0" tests="7" time="4.862"><testcase classname="src.cep.test_buscaCep" file="src\cep\test_buscaCep.py" line="4" name="test_buildFormData_whenValidArgs_thenSuccess" time="0.0019412040710449219"></testcase><testcase classname="src.cep.test_buscaCep" file="src\cep\test_buscaCep.py" line="9" name="test_buildFormData_whenNoLenght_thenUseDefault" time="0.001955270767211914"></testcase><testcase classname="src.cep.test_buscaCep" file="src\cep\test_buscaCep.py" line="15" name="test_buildFormData_whenInvalidState_thenFail" time="0.0009775161743164062"></testcase><testcase classname="src.cep.test_buscaCep" file="src\cep\test_buscaCep.py" line="19" name="test_buildFormData_whenInvalidRows_thenFail" time="0.0"></testcase><testcase classname="src.cep.test_buscaCep" file="src\cep\test_buscaCep.py" line="23" name="test_getDataFromUrl_whenValidFormData_thenSuccess" time="3.7903573513031006"></testcase><testcase classname="src.cep.test_buscaCep" file="src\cep\test_buscaCep.py" line="29" name="test_readDataFromHtmlTable_whenValidTable_thenSuccess" time="0.8387207984924316"></testcase><testcase classname="src.cep.test_buscaCep" file="src\cep\test_buscaCep.py" line="38" name="test_main_whenInvalidState_thenValueError" time="0.0009906291961669922"><system-out>Collecting data for invalid_state
No state named invalid_state
</system-out></testcase></testsuite>